../Core/Src/main.c:111:6:delay_us	16	static
../Core/Src/main.c:119:5:rotate_joint_1	24	static
../Core/Src/main.c:127:5:rotate_joint_2	24	static
../Core/Src/main.c:135:5:rotate_joint_3	24	static
../Core/Src/main.c:143:5:rotate_joint_4	24	static
../Core/Src/main.c:156:5:rotate_joint_5	24	static
../Core/Src/main.c:166:6:rotate_diff_joint	48	static
../Core/Src/main.c:189:6:calculate_times	16	static
../Core/Src/main.c:230:5:main	16	static
../Core/Src/main.c:429:6:SystemClock_Config	96	static
../Core/Src/main.c:471:13:MX_TIM1_Init	40	static
../Core/Src/main.c:515:13:MX_TIM6_Init	24	static
../Core/Src/main.c:551:13:MX_USART2_UART_Init	8	static
../Core/Src/main.c:584:13:MX_GPIO_Init	40	static
../Core/Src/main.c:642:6:HAL_UART_RxCpltCallback	24	static
../Core/Src/main.c:738:6:Error_Handler	4	static,ignoring_inline_asm
